13:07:57 - connectionpool.py - connectionpool - _new_conn - 231 - DEBUG - Starting new HTTP connection (1): 10.0.10.131:80
13:07:57 - connectionpool.py - connectionpool - _make_request - 461 - DEBUG - http://10.0.10.131:80 "POST /login?username=admin&password=1qaz!QAZ HTTP/1.1" 200 None
13:07:57 - connectionpool.py - connectionpool - _new_conn - 231 - DEBUG - Starting new HTTP connection (1): 10.0.10.131:80
13:07:57 - connectionpool.py - connectionpool - _make_request - 461 - DEBUG - http://10.0.10.131:80 "POST /interface/command HTTP/1.1" 200 None
13:07:57 - test_command.py - test_command - test_create_command - 38 - INFO - 创建命令响应：{'code': 0, 'msg': '添加命令成功', 'data': None}
13:07:57 - connectionpool.py - connectionpool - _new_conn - 231 - DEBUG - Starting new HTTP connection (1): 10.0.10.131:80
13:07:57 - connectionpool.py - connectionpool - _make_request - 461 - DEBUG - http://10.0.10.131:80 "POST /login?username=admin&password=1qaz!QAZ HTTP/1.1" 200 None
13:07:57 - connectionpool.py - connectionpool - _make_request - 461 - DEBUG - http://10.0.10.131:80 "GET /interface/command/findCommandPage/1/10?None HTTP/1.1" 200 None
13:07:57 - test_command.py - test_command - test_find_command - 53 - INFO - 查询命令响应结果:{'code': 0, 'msg': '分页查询成功', 'data': {'content': [{'id': 111, 'commandName': 'test', 'commandType': 3, 'handleId': 2, 'send': 'address=11,quantity=4', 'readData': '[{"name":"temp","type":"short"}]', 'createTime': '2021-12-07 13:07:14', 'handName': 'sungrow_inverter'}, {'id': 90, 'commandName': '111', 'commandType': 2, 'handleId': 2, 'send': 'address=1,quantity=2', 'readData': '[{"name":"temp","type":"short"}]', 'createTime': '2021-12-03 13:55:36', 'handName': 'sungrow_inverter'}, {'id': 88, 'commandName': 'test', 'commandType': 3, 'handleId': 2, 'send': 'address=11,quantity=4', 'readData': '[{"name":"temp","type":"short"}]', 'createTime': '2021-12-03 13:52:02', 'handName': 'sungrow_inverter'}, {'id': 69, 'commandName': 'test_command', 'commandType': 4, 'handleId': 4, 'send': 'address=123,quantity=123', 'readData': '[{"name":"frequency","type":"ushort"}]', 'createTime': '2021-10-21 08:56:23', 'handName': 'goodwe_inverter'}, {'id': 68, 'commandName': '测试命令2', 'commandType': 4, 'handleId': 5, 'send': 'address=122,quantity=20', 'readData': '[{\n\t"name": "temp",\n\t"type": "uint",\n\t"isInverse": true\n}, {\n\t"name": "tempH",\n\t"type": "uint",\n\t"isInverse": true\n}, {\n\t"name": "tempL",\n\t"type": "uint",\n\t"isInverse": true\n}, {\n\t"name": "humidity",\n\t"type": "uint",\n\t"isInverse": true\n}, {\n\t"name": "windDirection",\n\t"type": "uint",\n\t"isInverse": true\n}, {\n\t"name": "windSpeed",\n\t"type": "uint",\n\t"isInverse": true\n}, {\n\t"name": "windSpeed2",\n\t"type": "uint",\n\t"isInverse": true\n}, {\n\t"name": "windSpeed10",\n\t"type": "uint",\n\t"isInverse": true\n}]', 'createTime': '2021-10-20 11:32:28', 'handName': 'goodwe_mt_inverter'}, {'id': 66, 'commandName': '测试命令1', 'commandType': 4, 'handleId': 2, 'send': 'address=2343,quantity=3456', 'readData': '[{"name":"telemetry","field":[{"mark":"PV1-A","offset":0,"type":"uint","isInverse":true},{"mark":"PV2-A","offset":2,"type":"uint","isInverse":true},{"mark":"PV3-A","offset":4,"type":"uint","isInverse":true},{"mark":"PV4-A","offset":6,"type":"uint","isInverse":true},{"mark":"PV5-A","offset":8,"type":"uint","isInverse":true},{"mark":"PV6-A","offset":10,"type":"uint","isInverse":true},{"mark":"PV7-A","offset":12,"type":"uint","isInverse":true},{"mark":"PV8-A","offset":14,"type":"uint","isInverse":true},{"mark":"PV9-A","offset":16,"type":"uint","isInverse":true},{"mark":"PV10-A","offset":18,"type":"uint","isInverse":true}]}]', 'createTime': '2021-10-13 16:55:11', 'handName': 'sungrow_inverter'}, {'id': 63, 'commandName': '畅洋组串读取命令-003', 'commandType': 3, 'handleId': 3, 'send': 'address=102,quantity=20', 'readData': '[{"name":"telemetry","field":[{"mark":"PV1-V","offset":0,"type":"uint","isInverse":true},{"mark":"PV2-V","offset":2,"type":"uint","isInverse":true},{"mark":"PV3-V","offset":4,"type":"uint","isInverse":true},{"mark":"PV4-V","offset":6,"type":"uint","isInverse":true},{"mark":"PV5-V","offset":8,"type":"uint","isInverse":true},{"mark":"PV6-V","offset":10,"type":"uint","isInverse":true},{"mark":"PV7-V","offset":12,"type":"uint","isInverse":true},{"mark":"PV8-V","offset":14,"type":"uint","isInverse":true},{"mark":"PV9-V","offset":16,"type":"uint","isInverse":true},{"mark":"PV10-V","offset":18,"type":"uint","isInverse":true}]}]', 'createTime': '2021-06-19 08:07:03', 'handName': 'cy_inverter'}, {'id': 62, 'commandName': '畅洋组串读取命令-002', 'commandType': 3, 'handleId': 3, 'send': 'address=62,quantity=20', 'readData': '[{"name":"telemetry","field":[{"mark":"PV1-A","offset":0,"type":"uint","isInverse":true},{"mark":"PV2-A","offset":2,"type":"uint","isInverse":true},{"mark":"PV3-A","offset":4,"type":"uint","isInverse":true},{"mark":"PV4-A","offset":6,"type":"uint","isInverse":true},{"mark":"PV5-A","offset":8,"type":"uint","isInverse":true},{"mark":"PV6-A","offset":10,"type":"uint","isInverse":true},{"mark":"PV7-A","offset":12,"type":"uint","isInverse":true},{"mark":"PV8-A","offset":14,"type":"uint","isInverse":true},{"mark":"PV9-A","offset":16,"type":"uint","isInverse":true},{"mark":"PV10-A","offset":18,"type":"uint","isInverse":true}]}]', 'createTime': '2021-06-19 08:04:41', 'handName': 'cy_inverter'}, {'id': 61, 'commandName': '固德威HT组串读取命令', 'commandType': 3, 'handleId': 6, 'send': 'address=32016,quantity=8', 'readData': '[{"name":"telemetry","field":[{"mark":"PV1-V","offset":0,"type":"ushort"},{"mark":"PV1-A","offset":1,"type":"ushort"},{"mark":"PV2-V","offset":2,"type":"ushort"},{"mark":"PV2-A","offset":3,"type":"ushort"},{"mark":"PV3-V","offset":4,"type":"ushort"},{"mark":"PV3-A","offset":5,"type":"ushort"},{"mark":"PV4-V","offset":6,"type":"ushort"},{"mark":"PV4-A","offset":7,"type":"ushort"}]}]', 'createTime': '2021-05-28 23:13:29', 'handName': 'goodwe_ht_inverter'}, {'id': 60, 'commandName': '固德威HT线相读取命令', 'commandType': 3, 'handleId': 6, 'send': 'address=32066,quantity=12', 'readData': '[{"name":"telemetry","field":[{"mark":"AB-l-V","offset":0,"type":"ushort"},{"mark":"BC-l-V","offset":1,"type":"ushort"},{"mark":"AC-l-V","offset":2,"type":"ushort"},{"mark":"A-V","offset":3,"type":"ushort"},{"mark":"B-V","offset":4,"type":"ushort"},{"mark":"C-V","offset":5,"type":"ushort"},{"mark":"A-A","offset":6,"type":"int"},{"mark":"B-A","offset":8,"type":"int"},{"mark":"C-A","offset":10,"type":"int"}]}]', 'createTime': '2021-05-28 23:13:00', 'handName': 'goodwe_ht_inverter'}], 'pageable': {'sort': {'sorted': True, 'unsorted': False, 'empty': False}, 'pageSize': 10, 'pageNumber': 0, 'offset': 0, 'unpaged': False, 'paged': True}, 'totalPages': 5, 'last': False, 'totalElements': 48, 'sort': {'sorted': True, 'unsorted': False, 'empty': False}, 'numberOfElements': 10, 'first': True, 'size': 10, 'number': 0, 'empty': False}}
13:07:57 - connectionpool.py - connectionpool - _new_conn - 231 - DEBUG - Starting new HTTP connection (1): 10.0.10.131:80
13:07:58 - connectionpool.py - connectionpool - _make_request - 461 - DEBUG - http://10.0.10.131:80 "POST /login?username=admin&password=1qaz!QAZ HTTP/1.1" 200 None
13:07:58 - connectionpool.py - connectionpool - _make_request - 461 - DEBUG - http://10.0.10.131:80 "DELETE /interface/command/111?None HTTP/1.1" 200 None
13:07:58 - test_command.py - test_command - test_del_command - 67 - INFO - 删除的命令id为：111
13:07:58 - test_command.py - test_command - test_del_command - 68 - INFO - 删除命令响应：{'code': 0, 'msg': '删除命令成功', 'data': None}
13:07:58 - connectionpool.py - connectionpool - _new_conn - 231 - DEBUG - Starting new HTTP connection (1): 10.0.10.131:80
13:07:58 - connectionpool.py - connectionpool - _make_request - 461 - DEBUG - http://10.0.10.131:80 "POST /login?username=admin&password=1qaz!QAZ HTTP/1.1" 200 None
13:07:58 - connectionpool.py - connectionpool - _make_request - 461 - DEBUG - http://10.0.10.131:80 "POST /interface/device HTTP/1.1" 200 None
13:07:58 - test_device.py - test_device - test_create_device - 40 - INFO - 创建设备响应{'code': 0, 'msg': '添加设备成功', 'data': None}
13:07:58 - connectionpool.py - connectionpool - _new_conn - 231 - DEBUG - Starting new HTTP connection (1): 10.0.10.131:80
13:07:58 - connectionpool.py - connectionpool - _make_request - 461 - DEBUG - http://10.0.10.131:80 "POST /login?username=admin&password=1qaz!QAZ HTTP/1.1" 200 None
13:07:58 - connectionpool.py - connectionpool - _make_request - 461 - DEBUG - http://10.0.10.131:80 "GET /interface/device/findDevicePageByPowerId/1/9?powerId=170 HTTP/1.1" 200 None
13:07:58 - test_device.py - test_device - test_find_device - 55 - INFO - 查询pytest自动化测试专用电站下设备响应：{'code': 0, 'msg': '查询成功', 'data': {'content': [{'id': 546, 'deviceName': 'MQTT采集器test20211201', 'deviceCode': 'crLCbV-1638853634602', 'state': 0, 'deviceType': 'collect', 'powerName': '', 'generation': {'value': 0.0, 'unit': 'kWh'}, 'realTimePower': {'value': 0.0, 'unit': 'kW'}, 'totalGeneration': {'value': 0.0, 'unit': 'kWh'}}], 'pageable': {'sort': {'sorted': True, 'unsorted': False, 'empty': False}, 'pageSize': 9, 'pageNumber': 0, 'offset': 0, 'unpaged': False, 'paged': True}, 'totalPages': 1, 'last': True, 'totalElements': 1, 'sort': {'sorted': True, 'unsorted': False, 'empty': False}, 'numberOfElements': 1, 'first': True, 'size': 9, 'number': 0, 'empty': False}}
13:07:58 - connectionpool.py - connectionpool - _new_conn - 231 - DEBUG - Starting new HTTP connection (1): 10.0.10.131:80
13:07:58 - connectionpool.py - connectionpool - _make_request - 461 - DEBUG - http://10.0.10.131:80 "POST /login?username=admin&password=1qaz!QAZ HTTP/1.1" 200 None
13:07:58 - connectionpool.py - connectionpool - _make_request - 461 - DEBUG - http://10.0.10.131:80 "DELETE /interface/device/546?None HTTP/1.1" 200 None
13:07:58 - test_device.py - test_device - test_del_device - 74 - INFO - 执行的测试用例名称：删除设备
13:07:58 - test_device.py - test_device - test_del_device - 75 - INFO - 删除请求url:http://10.0.10.131/interface/device/546
13:07:58 - test_device.py - test_device - test_del_device - 76 - INFO - 删除设备响应：{'code': 0, 'msg': '删除设备成功', 'data': None}
13:07:58 - connectionpool.py - connectionpool - _new_conn - 231 - DEBUG - Starting new HTTP connection (1): 10.0.10.131:80
13:07:58 - connectionpool.py - connectionpool - _make_request - 461 - DEBUG - http://10.0.10.131:80 "POST /login?username=admin&password=1qaz!QAZ HTTP/1.1" 200 None
13:07:58 - connectionpool.py - connectionpool - _make_request - 461 - DEBUG - http://10.0.10.131:80 "DELETE /interface/device/999999?None HTTP/1.1" 200 None
13:07:58 - test_device.py - test_device - test_del_device - 74 - INFO - 执行的测试用例名称：删除设备不存在
13:07:58 - test_device.py - test_device - test_del_device - 75 - INFO - 删除请求url:http://10.0.10.131/interface/device/999999
13:07:58 - test_device.py - test_device - test_del_device - 76 - INFO - 删除设备响应：{'code': 1401, 'msg': '查询不到改设备', 'data': None}
13:07:59 - connectionpool.py - connectionpool - _make_request - 461 - DEBUG - http://10.0.10.131:80 "POST /login?username=admin&password=1qaz!QAZ HTTP/1.1" 200 None
13:07:59 - test_login.py - test_login - test_login - 33 - INFO - 执行的测试用例名称：正常登录
13:07:59 - test_login.py - test_login - test_login - 34 - INFO - 登录请求body:{'password': '1qaz!QAZ', 'username': 'admin'}
13:07:59 - test_login.py - test_login - test_login - 35 - INFO - 登录的响应结果： {'code': 0, 'data': {'userInfo': {'permission': ['DEVICE', 'POWER_STATION', 'INDEX', 'DATA_INFO', 'PERMISSION', 'ROLE', 'USER', 'COMMAND', 'BIG_SCREN', 'BASIC_DATA', 'STATION_REPORT', 'DATA_ANALYZE', 'DATA_ANALYZE_REPORT', 'METEOROLOGICAL_DATA', 'SPOT_SPRIT', 'SNEC_SCREEN'], 'userType': 0, 'userName': 'admin', 'userId': 1}, 'token-type': 'Bearer', 'expire-time': '2021-12-07 15:08:00', 'token': 'Bearer eyJhbGciOiJIUzM4NCIsInppcCI6IkxHU1lTVEVNIn0.N2UmKjYmKywhInFjcTUhICUpcXVxMT09bn1ib2BsfXt8f2tpLg.zLnOAqLuIP0sp7SCqJ0oyhKq1xPv7QazAYK-W6zjqpz0dA8uBhljGseict_Yx4_r'}, 'msg': '认证成功'}
13:07:59 - connectionpool.py - connectionpool - _make_request - 461 - DEBUG - http://10.0.10.131:80 "POST /login?username=admin&password=1qaz!QA HTTP/1.1" 200 None
13:07:59 - test_login.py - test_login - test_login - 33 - INFO - 执行的测试用例名称：密码错误
13:07:59 - test_login.py - test_login - test_login - 34 - INFO - 登录请求body:{'password': '1qaz!QA', 'username': 'admin'}
13:07:59 - test_login.py - test_login - test_login - 35 - INFO - 登录的响应结果： {'code': -1, 'msg': '认证失败'}
13:07:59 - connectionpool.py - connectionpool - _make_request - 461 - DEBUG - http://10.0.10.131:80 "POST /login?username=aaa&password=1qaz!QA HTTP/1.1" 200 None
13:07:59 - test_login.py - test_login - test_login - 33 - INFO - 执行的测试用例名称：用户不存在
13:07:59 - test_login.py - test_login - test_login - 34 - INFO - 登录请求body:{'password': '1qaz!QA', 'username': 'aaa'}
13:07:59 - test_login.py - test_login - test_login - 35 - INFO - 登录的响应结果： {'code': -1, 'msg': '认证失败'}
13:07:59 - connectionpool.py - connectionpool - _new_conn - 231 - DEBUG - Starting new HTTP connection (1): 10.0.10.131:80
13:07:59 - connectionpool.py - connectionpool - _make_request - 461 - DEBUG - http://10.0.10.131:80 "POST /login?username=admin&password=1qaz!QAZ HTTP/1.1" 200 None
13:07:59 - connectionpool.py - connectionpool - _make_request - 461 - DEBUG - http://10.0.10.131:80 "GET /interface/power/findPowerAll?None HTTP/1.1" 200 None
13:07:59 - test_power.py - test_power - test_find_allpower - 33 - INFO - 查询所有电站响应：{'code': 0, 'msg': '查询成功', 'data': [{'id': 134, 'powerName': '咸阳汤姆森', 'region': '610000,610400,610402', 'address': '桃李路中段', 'longitude': 108.78135681152344, 'latitude': 34.30756759643555, 'stationVolume': 226.0, 'voltageLevel': '10', 'joinWay': '1', 'inverterCount': None, 'contact': '杨洋', 'contactNo': '18991252847', 'gcc': '施工队', 'startTime': '2020-11-24 14:00:00', 'endTime': '2020-12-24 14:00:00', 'imagePath': 'b270bbb852bc453992b8a5d7ea6f040a.jpg', 'description': '', 'status': 0, 'happenFault': 0, 'createTime': '2020-11-26 14:28:14', 'productionTime': '2020-12-25 00:00:00', 'powerType': 0, 'registerCode': None, 'regionNames': '陕西省 / 咸阳市 / 秦都区', 'powerPrice': 0.77, 'planarGraph': None, 'clockTime': None, 'userGroup': None, 'operationGroup': None, 'reports': None, 'powerGrid': None, 'faultCount': None, 'volumeUnit': None}, {'id': 135, 'powerName': '连城凯克斯', 'region': '320000,320200,320205', 'address': '泾虹路锡东大道交汇处', 'longitude': 120.46005249023438, 'latitude': 31.68332672119141, 'stationVolume': 1599.75, 'voltageLevel': '1', 'joinWay': '1', 'inverterCount': None, 'contact': '杨洋', 'contactNo': '18991252847', 'gcc': '无', 'startTime': '2021-02-24 14:00:00', 'endTime': '2021-03-26 13:00:00', 'imagePath': '3b5662fb0d1d45bf9412cc8b949b99d8.jpg', 'description': '', 'status': 0, 'happenFault': 0, 'createTime': '2021-03-02 23:25:18', 'productionTime': '2021-03-02 00:00:00', 'powerType': 0, 'registerCode': None, 'regionNames': '江苏省 / 无锡市 / 锡山区', 'powerPrice': 0.8, 'planarGraph': None, 'clockTime': None, 'userGroup': None, 'operationGroup': None, 'reports': None, 'powerGrid': None, 'faultCount': None, 'volumeUnit': None}, {'id': 137, 'powerName': '武汉凯骏', 'region': '420000,420100,420114', 'address': '莲湖路98号', 'longitude': 114.15895080566406, 'latitude': 30.46466636657715, 'stationVolume': 173.0, 'voltageLevel': '10', 'joinWay': '1', 'inverterCount': None, 'contact': '杨洋', 'contactNo': '18991252847', 'gcc': '隆基绿能光伏工程有限公司', 'startTime': '2021-04-18 13:00:00', 'endTime': '2021-05-15 13:00:00', 'imagePath': 'bd132866a984417eb38b222f3c9c65a1.png', 'description': '', 'status': 0, 'happenFault': 0, 'createTime': '2021-05-28 22:44:17', 'productionTime': '2021-05-31 00:00:00', 'powerType': 0, 'registerCode': None, 'regionNames': '湖北省 / 武汉市 / 蔡甸区', 'powerPrice': 0.8, 'planarGraph': None, 'clockTime': None, 'userGroup': None, 'operationGroup': None, 'reports': None, 'powerGrid': None, 'faultCount': None, 'volumeUnit': None}, {'id': 138, 'powerName': '森特股份', 'region': '110000,110100,110112', 'address': '亦庄经济技术开发区永昌东四路10号', 'longitude': 116.5450210571289, 'latitude': 39.76633834838867, 'stationVolume': 279.0, 'voltageLevel': '1', 'joinWay': '1', 'inverterCount': None, 'contact': '森特股份', 'contactNo': '18999999999', 'gcc': '隆基新能源', 'startTime': '2021-07-29 13:00:00', 'endTime': '2021-08-28 13:00:00', 'imagePath': '2219584f9f4a4808a2cb4890dfb8f85d.jpg', 'description': '', 'status': 1, 'happenFault': 0, 'createTime': '2021-07-31 05:27:53', 'productionTime': '2021-08-01 00:00:00', 'powerType': 0, 'registerCode': None, 'regionNames': '北京 / 北京市 / 通州区', 'powerPrice': 0.8, 'planarGraph': None, 'clockTime': None, 'userGroup': None, 'operationGroup': None, 'reports': None, 'powerGrid': None, 'faultCount': None, 'volumeUnit': None}, {'id': 139, 'powerName': '测试电站', 'region': '610000,610300,610327', 'address': '关山草原', 'longitude': 106.46207427978516, 'latitude': 34.53390121459961, 'stationVolume': 10000.0, 'voltageLevel': '10', 'joinWay': '1', 'inverterCount': None, 'contact': '刘雯', 'contactNo': '13100000001', 'gcc': '测试施工队', 'startTime': '2021-08-27 13:00:00', 'endTime': '2021-09-25 13:00:00', 'imagePath': 'f75ecea0f2a142cb87ca031da2692adf.png', 'description': '', 'status': 0, 'happenFault': 0, 'createTime': '2021-10-14 09:58:03', 'productionTime': '2021-10-11 00:00:00', 'powerType': 0, 'registerCode': None, 'regionNames': '陕西省 / 宝鸡市 / 陇县', 'powerPrice': 0.62, 'planarGraph': None, 'clockTime': None, 'userGroup': None, 'operationGroup': None, 'reports': None, 'powerGrid': None, 'faultCount': None, 'volumeUnit': None}, {'id': 144, 'powerName': '演示电站', 'region': '710000,710100,710101', 'address': '不遇一次1234567', 'longitude': 121.30000305175781, 'latitude': 267.20001220703125, 'stationVolume': 300.0, 'voltageLevel': '10', 'joinWay': '1', 'inverterCount': None, 'contact': '张三', 'contactNo': '15167890943', 'gcc': '测试施工队', 'startTime': '2021-06-25 13:00:00', 'endTime': '2021-08-25 13:00:00', 'imagePath': 'bf5457f6f8c54e2fb56dc6b8b959be0b.png', 'description': '', 'status': 0, 'happenFault': 0, 'createTime': '2021-10-21 16:49:01', 'productionTime': '2021-05-04 00:00:00', 'powerType': 0, 'registerCode': None, 'regionNames': '台湾 / 台北市 / 松山区', 'powerPrice': 0.34, 'planarGraph': None, 'clockTime': None, 'userGroup': None, 'operationGroup': None, 'reports': None, 'powerGrid': None, 'faultCount': None, 'volumeUnit': None}, {'id': 149, 'powerName': '测试电站005', 'region': '110000,110100,110101', 'address': '夏日的清淤和', 'longitude': 123.5, 'latitude': 2.29999995231628, 'stationVolume': 100.0, 'voltageLevel': '1', 'joinWay': '1', 'inverterCount': None, 'contact': '会小二', 'contactNo': '2', 'gcc': '', 'startTime': None, 'endTime': None, 'imagePath': 'df955fc1de3b4c678365fdce89be18ce.jpg', 'description': '', 'status': 0, 'happenFault': 0, 'createTime': '2021-11-03 10:23:54', 'productionTime': '2021-11-23 00:00:00', 'powerType': 0, 'registerCode': None, 'regionNames': '北京 / 北京市 / 东城区', 'powerPrice': 1.2, 'planarGraph': None, 'clockTime': None, 'userGroup': None, 'operationGroup': None, 'reports': None, 'powerGrid': None, 'faultCount': None, 'volumeUnit': None}, {'id': 150, 'powerName': '测试电站666', 'region': '130000,130400,130406', 'address': '降龙十八正', 'longitude': 6935.0, 'latitude': 0.23000000417233, 'stationVolume': 1253.0, 'voltageLevel': '1', 'joinWay': '2', 'inverterCount': None, 'contact': '小黑', 'contactNo': '125635', 'gcc': '', 'startTime': None, 'endTime': None, 'imagePath': '30726b9bcfbc4a2c951e598ce5f1bbe8.png', 'description': '', 'status': 0, 'happenFault': 0, 'createTime': '2021-11-03 10:26:55', 'productionTime': '2021-11-16 00:00:00', 'powerType': 0, 'registerCode': None, 'regionNames': '河北省 / 邯郸市 / 峰峰矿区', 'powerPrice': 1.2, 'planarGraph': None, 'clockTime': None, 'userGroup': None, 'operationGroup': None, 'reports': None, 'powerGrid': None, 'faultCount': None, 'volumeUnit': None}, {'id': 151, 'powerName': '测试电站888', 'region': '130000,130300,130304', 'address': '青黄止水，断流只能', 'longitude': 568.5999755859375, 'latitude': 12.5, 'stationVolume': 1000.0, 'voltageLevel': '0', 'joinWay': '1', 'inverterCount': None, 'contact': '黑小子', 'contactNo': '693852', 'gcc': '', 'startTime': None, 'endTime': None, 'imagePath': 'a4d1bfc3a55f4a709c98bb73cda9f6fc.png', 'description': '', 'status': 0, 'happenFault': 0, 'createTime': '2021-11-03 10:30:27', 'productionTime': '2021-11-16 00:00:00', 'powerType': 0, 'registerCode': None, 'regionNames': '河北省 / 秦皇岛市 / 北戴河区', 'powerPrice': 1.3, 'planarGraph': None, 'clockTime': None, 'userGroup': None, 'operationGroup': None, 'reports': None, 'powerGrid': None, 'faultCount': None, 'volumeUnit': None}, {'id': 158, 'powerName': 'lw企业的电站', 'region': '120000,120100,120101', 'address': '嘎巴菜98号', 'longitude': 117.19999694824219, 'latitude': 39.13000106811523, 'stationVolume': 5000.0, 'voltageLevel': '0', 'joinWay': '1', 'inverterCount': None, 'contact': '天津电站测试', 'contactNo': '17700000001', 'gcc': '', 'startTime': None, 'endTime': None, 'imagePath': 'f0d5a19bee134431aa4c0f3dcd3c5129.png', 'description': '', 'status': 0, 'happenFault': 0, 'createTime': '2021-11-03 14:51:41', 'productionTime': '2022-01-08 00:00:00', 'powerType': 0, 'registerCode': None, 'regionNames': '天津 / 天津市 / 和平区', 'powerPrice': 0.54, 'planarGraph': None, 'clockTime': None, 'userGroup': None, 'operationGroup': None, 'reports': None, 'powerGrid': None, 'faultCount': None, 'volumeUnit': None}, {'id': 159, 'powerName': 'lw企业电站2', 'region': '130000,130100,130102', 'address': '长安大厦999号', 'longitude': 113.9800033569336, 'latitude': 23.98999977111816, 'stationVolume': 2.3, 'voltageLevel': '0', 'joinWay': '1', 'inverterCount': None, 'contact': '河北企业', 'contactNo': '13400000001', 'gcc': '', 'startTime': None, 'endTime': None, 'imagePath': '66178df592f94149acb0a383396a9120.png', 'description': '', 'status': 0, 'happenFault': 0, 'createTime': '2021-11-05 10:15:52', 'productionTime': '2021-11-04 00:00:00', 'powerType': 0, 'registerCode': None, 'regionNames': '河北省 / 石家庄市 / 长安区', 'powerPrice': 0.33, 'planarGraph': None, 'clockTime': None, 'userGroup': None, 'operationGroup': None, 'reports': None, 'powerGrid': None, 'faultCount': None, 'volumeUnit': None}, {'id': 160, 'powerName': '电站1125', 'region': '110000,110100,110106', 'address': '大栅栏1111', 'longitude': 232.32200622558594, 'latitude': 11.34232044219971, 'stationVolume': 1200.0, 'voltageLevel': '0', 'joinWay': '1', 'inverterCount': None, 'contact': '张三', 'contactNo': '15300000001', 'gcc': '', 'startTime': None, 'endTime': None, 'imagePath': 'a03056932d1f484592c55844fc113f7c.png', 'description': '', 'status': 0, 'happenFault': 0, 'createTime': '2021-11-25 08:58:29', 'productionTime': '2021-12-31 00:00:00', 'powerType': 0, 'registerCode': None, 'regionNames': '北京 / 北京市 / 丰台区', 'powerPrice': 0.35, 'planarGraph': None, 'clockTime': None, 'userGroup': None, 'operationGroup': None, 'reports': None, 'powerGrid': None, 'faultCount': None, 'volumeUnit': None}, {'id': 162, 'powerName': 'newstation', 'region': '130000,130100,130102', 'address': 'deedwe单位U盾我i', 'longitude': 231.8000030517578, 'latitude': 324.1000061035156, 'stationVolume': 22.0, 'voltageLevel': '0', 'joinWay': '1', 'inverterCount': None, 'contact': '张三', 'contactNo': '13100000008', 'gcc': '', 'startTime': None, 'endTime': None, 'imagePath': 'eda651ac812542b28709beaf5ad451ea.png', 'description': '', 'status': 0, 'happenFault': 0, 'createTime': '2021-11-25 16:32:31', 'productionTime': '2021-12-31 00:00:00', 'powerType': 0, 'registerCode': None, 'regionNames': '河北省 / 石家庄市 / 长安区', 'powerPrice': 0.37, 'planarGraph': None, 'clockTime': None, 'userGroup': None, 'operationGroup': None, 'reports': None, 'powerGrid': None, 'faultCount': None, 'volumeUnit': None}, {'id': 163, 'powerName': 'mqtt', 'region': '140000,140500,140525', 'address': '二房东', 'longitude': 23.32200050354004, 'latitude': 45.3242301940918, 'stationVolume': 10.0, 'voltageLevel': '0', 'joinWay': '1', 'inverterCount': None, 'contact': '张三', 'contactNo': '13400000001', 'gcc': '', 'startTime': None, 'endTime': None, 'imagePath': 'd3a76b9a0d6c41caab59ad6345ae0b22.png', 'description': '', 'status': 0, 'happenFault': 0, 'createTime': '2021-11-26 08:25:49', 'productionTime': '2021-12-31 00:00:00', 'powerType': 0, 'registerCode': None, 'regionNames': '山西省 / 晋城市 / 泽州县', 'powerPrice': 0.3, 'planarGraph': None, 'clockTime': None, 'userGroup': None, 'operationGroup': None, 'reports': None, 'powerGrid': None, 'faultCount': None, 'volumeUnit': None}, {'id': 164, 'powerName': 'new', 'region': '150000,150400,150404', 'address': '电饭锅够不够', 'longitude': 22.39999961853027, 'latitude': 332.20001220703125, 'stationVolume': 11.0, 'voltageLevel': '0', 'joinWay': '1', 'inverterCount': None, 'contact': '张三', 'contactNo': '13100000001', 'gcc': '', 'startTime': None, 'endTime': None, 'imagePath': '2cd0c72bfd7843bea06c30ac4d0af917.png', 'description': '', 'status': 0, 'happenFault': 0, 'createTime': '2021-11-26 13:54:27', 'productionTime': '2021-11-30 00:00:00', 'powerType': 0, 'registerCode': None, 'regionNames': '内蒙古自治区 / 赤峰市 / 松山区', 'powerPrice': 0.32, 'planarGraph': None, 'clockTime': None, 'userGroup': None, 'operationGroup': None, 'reports': None, 'powerGrid': None, 'faultCount': None, 'volumeUnit': None}, {'id': 169, 'powerName': '空港', 'region': '610000,610400,610404', 'address': '自贸大道', 'longitude': 11.10999965667725, 'latitude': 22.21999931335449, 'stationVolume': 111.0, 'voltageLevel': '1', 'joinWay': '2', 'inverterCount': None, 'contact': '空港', 'contactNo': '19999999999', 'gcc': '', 'startTime': None, 'endTime': None, 'imagePath': 'b4c0c39143c4409090565dcc5ee904c8.png', 'description': '', 'status': 0, 'happenFault': 0, 'createTime': '2021-11-29 13:17:00', 'productionTime': '2021-12-31 00:00:00', 'powerType': 0, 'registerCode': None, 'regionNames': '陕西省 / 咸阳市 / 渭城区', 'powerPrice': 0.8, 'planarGraph': None, 'clockTime': None, 'userGroup': None, 'operationGroup': None, 'reports': None, 'powerGrid': None, 'faultCount': None, 'volumeUnit': None}, {'id': 170, 'powerName': 'pytest自动化测试专用电站', 'region': '610000,610100,610112', 'address': '经济开发区尚稷路8888号', 'longitude': 12.32999992370605, 'latitude': 232.1999969482422, 'stationVolume': 1000.0, 'voltageLevel': '0', 'joinWay': '2', 'inverterCount': None, 'contact': 'pytest', 'contactNo': '13300000000', 'gcc': '', 'startTime': None, 'endTime': None, 'imagePath': '1e2032875a19415bae8a584da7887e97.png', 'description': '', 'status': 0, 'happenFault': 0, 'createTime': '2021-12-01 11:49:34', 'productionTime': '2021-12-31 00:00:00', 'powerType': 0, 'registerCode': None, 'regionNames': '陕西省 / 西安市 / 未央区', 'powerPrice': 0.8, 'planarGraph': None, 'clockTime': None, 'userGroup': None, 'operationGroup': None, 'reports': None, 'powerGrid': None, 'faultCount': None, 'volumeUnit': None}]}
13:07:59 - connectionpool.py - connectionpool - _new_conn - 231 - DEBUG - Starting new HTTP connection (1): 10.0.10.131:80
13:07:59 - connectionpool.py - connectionpool - _make_request - 461 - DEBUG - http://10.0.10.131:80 "POST /login?username=admin&password=1qaz!QAZ HTTP/1.1" 200 None
13:07:59 - connectionpool.py - connectionpool - _make_request - 461 - DEBUG - http://10.0.10.131:80 "GET /interface/power/findById/170?None HTTP/1.1" 200 None
13:07:59 - test_power.py - test_power - test_find_powerbyid - 44 - INFO - 根据电站id查询电站响应：{'code': 0, 'msg': '查询成功', 'data': {'id': 170, 'powerName': 'pytest自动化测试专用电站', 'region': '610000,610100,610112', 'address': '经济开发区尚稷路8888号', 'longitude': 12.32999992370605, 'latitude': 232.1999969482422, 'stationVolume': 1000.0, 'voltageLevel': '0', 'joinWay': '2', 'inverterCount': None, 'contact': 'pytest', 'contactNo': '13300000000', 'gcc': '', 'startTime': None, 'endTime': None, 'imagePath': '1e2032875a19415bae8a584da7887e97.png', 'description': '', 'status': 0, 'happenFault': 0, 'createTime': '2021-12-01 11:49:34', 'productionTime': '2021-12-31 00:00:00', 'powerType': 0, 'registerCode': None, 'regionNames': '陕西省 / 西安市 / 未央区', 'powerPrice': 0.8, 'planarGraph': None, 'clockTime': None, 'userGroup': [], 'operationGroup': [], 'reports': [], 'powerGrid': None, 'faultCount': None, 'volumeUnit': 'kW'}}
